[htmlbigstart.justthemevalley.com/Version2/index.html]
[backblue.gif]
[fade.gif]
[index.html]
[htmlbigstart.justthemevalley.com/Version2/favicon.ico]
[htmlbigstart.justthemevalley.com/Version2/style.css]
[htmlbigstart.justthemevalley.com/Version2/shop_grid.html]
[htmlbigstart.justthemevalley.com/Version2/shop_grid_full_width.html]
[htmlbigstart.justthemevalley.com/Version2/shop_list.html]
[htmlbigstart.justthemevalley.com/Version2/single_product.html]
[htmlbigstart.justthemevalley.com/Version2/single_product_sidebar.html]
[htmlbigstart.justthemevalley.com/Version2/single_product_magnify_zoom.html]
[htmlbigstart.justthemevalley.com/Version2/shopping_cart.html]
[htmlbigstart.justthemevalley.com/Version2/wishlist.html]
[htmlbigstart.justthemevalley.com/Version2/compare.html]
[htmlbigstart.justthemevalley.com/Version2/checkout.html]
[htmlbigstart.justthemevalley.com/Version2/sitemap.html]
[htmlbigstart.justthemevalley.com/Version2/about_us.html]
[htmlbigstart.justthemevalley.com/Version2/contact_us.html]
[htmlbigstart.justthemevalley.com/Version2/orders_list.html]
[htmlbigstart.justthemevalley.com/Version2/order_details.html]
[htmlbigstart.justthemevalley.com/Version2/404error.html]
[htmlbigstart.justthemevalley.com/Version2/faq.html]
[htmlbigstart.justthemevalley.com/Version2/manufacturers.html]
[htmlbigstart.justthemevalley.com/Version2/quick_view.html]
[htmlbigstart.justthemevalley.com/Version2/dashboard.html]
[htmlbigstart.justthemevalley.com/Version2/shortcodes.html]
[htmlbigstart.justthemevalley.com/Version2/typography.html]
[htmlbigstart.justthemevalley.com/Version2/blog_right_sidebar.html]
[htmlbigstart.justthemevalley.com/Version2/blog_left_sidebar.html]
[htmlbigstart.justthemevalley.com/Version2/blog_full_width.html]
[htmlbigstart.justthemevalley.com/Version2/blog_single_post.html]
[htmlbigstart.justthemevalley.com/Version2/blog.html]
[htmlbigstart.justthemevalley.com/Version2/images/flag-default.jpg]
[htmlbigstart.justthemevalley.com/Version2/images/flag-english.jpg]
[htmlbigstart.justthemevalley.com/Version2/images/flag-german.jpg]
[htmlbigstart.justthemevalley.com/Version2/images/flag-brazil.jpg]
[htmlbigstart.justthemevalley.com/Version2/images/flag-chile.jpg]
[htmlbigstart.justthemevalley.com/Version2/images/flag-spain.jpg]
[htmlbigstart.justthemevalley.com/Version2/images/logo.png]
[htmlbigstart.justthemevalley.com/Version2/images/menu-img5.jpg]
[htmlbigstart.justthemevalley.com/Version2/images/menu-img1.jpg]
[htmlbigstart.justthemevalley.com/Version2/images/menu-img2.jpg]
[htmlbigstart.justthemevalley.com/Version2/images/menu-img4.jpg]
[htmlbigstart.justthemevalley.com/Version2/shop_grid.htmls]
[htmlbigstart.justthemevalley.com/Version2/images/menu-img3.jpg]
[htmlbigstart.justthemevalley.com/Version2/images/products/img07.jpg]
[htmlbigstart.justthemevalley.com/Version2/images/products/img11.jpg]
[htmlbigstart.justthemevalley.com/Version2/images/products/img10.jpg]
[htmlbigstart.justthemevalley.com/Version2/account_page.html]
[htmlbigstart.justthemevalley.com/Version2/register_page.html]
[htmlbigstart.justthemevalley.com/Version2/images/slider/slider-bg2.jpg]
[htmlbigstart.justthemevalley.com/Version2/images/slider/slider-bg3.jpg]
[htmlbigstart.justthemevalley.com/Version2/images/slider/slider-bg1.jpg]
[htmlbigstart.justthemevalley.com/Version2/images/brand1.png]
[htmlbigstart.justthemevalley.com/Version2/images/brand2.png]
[htmlbigstart.justthemevalley.com/Version2/images/brand3.png]
[htmlbigstart.justthemevalley.com/Version2/images/brand4.png]
[htmlbigstart.justthemevalley.com/Version2/images/brand5.png]
[htmlbigstart.justthemevalley.com/Version2/images/brand6.png]
[htmlbigstart.justthemevalley.com/Version2/images/brand7.png]
[htmlbigstart.justthemevalley.com/Version2/images/brand8.png]
[htmlbigstart.justthemevalley.com/Version2/images/brand9.png]
[htmlbigstart.justthemevalley.com/Version2/images/brand10.png]
[htmlbigstart.justthemevalley.com/Version2/images/brand11.png]
[htmlbigstart.justthemevalley.com/Version2/images/products/img01.jpg]
[htmlbigstart.justthemevalley.com/Version2/images/products/img02.jpg]
[htmlbigstart.justthemevalley.com/Version2/images/products/img03.jpg]
[htmlbigstart.justthemevalley.com/Version2/images/products/img04.jpg]
[htmlbigstart.justthemevalley.com/Version2/images/products/img05.jpg]
[htmlbigstart.justthemevalley.com/Version2/images/products/img06.jpg]
[htmlbigstart.justthemevalley.com/Version2/images/products/img08.jpg]
[htmlbigstart.justthemevalley.com/Version2/images/sub1.jpg]
[htmlbigstart.justthemevalley.com/Version2/product_detail.html]
[htmlbigstart.justthemevalley.com/Version2/images/products/img09.jpg]
[htmlbigstart.justthemevalley.com/Version2/images/products/img12.jpg]
[htmlbigstart.justthemevalley.com/Version2/images/products/img13.jpg]
[htmlbigstart.justthemevalley.com/Version2/images/products/img15.jpg]
[htmlbigstart.justthemevalley.com/Version2/images/banner_staic2.png]
[htmlbigstart.justthemevalley.com/Version2/images/banner_staic1.png]
[htmlbigstart.justthemevalley.com/Version2/images/banner_staic3.png]
[htmlbigstart.justthemevalley.com/Version2/images/products/img14.jpg]
[htmlbigstart.justthemevalley.com/Version2/images/blog-img1.jpg]
[htmlbigstart.justthemevalley.com/Version2/images/blog-img2.jpg]
[htmlbigstart.justthemevalley.com/Version2/images/blog-img3.jpg]
[htmlbigstart.justthemevalley.com/Version2/images/testimonials-img3.jpg]
[htmlbigstart.justthemevalley.com/Version2/images/testimonials-img1.jpg]
[htmlbigstart.justthemevalley.com/Version2/images/testimonials-img2.jpg]
[htmlbigstart.justthemevalley.com/Version2/images/testimonials-img4.jpg]
[htmlbigstart.justthemevalley.com/Version2/images/visa.png]
[htmlbigstart.justthemevalley.com/Version2/images/paypal.png]
[htmlbigstart.justthemevalley.com/Version2/images/discover.png]
[htmlbigstart.justthemevalley.com/Version2/images/master-card.png]
[htmlbigstart.justthemevalley.com/cdn-cgi/scripts/5c5dd728/cloudflare-static/email-decode.min.js]
[htmlbigstart.justthemevalley.com/Version2/js/jquery.min.js]
[htmlbigstart.justthemevalley.com/Version2/js/bootstrap.min.js]
[htmlbigstart.justthemevalley.com/Version2/js/owl.carousel.min.js]
[htmlbigstart.justthemevalley.com/Version2/js/mobile-menu.js]
[htmlbigstart.justthemevalley.com/Version2/js/jquery-ui.js]
[htmlbigstart.justthemevalley.com/Version2/js/main.js]
[htmlbigstart.justthemevalley.com/Version2/js/countdown.js]
[htmlbigstart.justthemevalley.com/Version2/index.html]
[htmlbigstart.justthemevalley.com/Version2/js/revolution-slider.js]
[htmlbigstart.justthemevalley.com/Version2/css/bootstrap.min.css]
[htmlbigstart.justthemevalley.com/Version2/css/animate.css]
[htmlbigstart.justthemevalley.com/Version2/css/font-awesome.min.css]
[htmlbigstart.justthemevalley.com/Version2/css/simple-line-icons.css]
[htmlbigstart.justthemevalley.com/Version2/css/pe-icon-7-stroke.min.css]
[htmlbigstart.justthemevalley.com/Version2/css/owl.carousel.css]
[htmlbigstart.justthemevalley.com/Version2/css/owl.transitions.css]
[htmlbigstart.justthemevalley.com/Version2/css/flexslider.css]
[htmlbigstart.justthemevalley.com/Version2/css/jquery-ui.css]
[htmlbigstart.justthemevalley.com/Version2/css/revolution-slider.css]
[htmlbigstart.justthemevalley.com/Version2/css/quick_view_popup.css]
[htmlbigstart.justthemevalley.com/Version2/css/shortcode.css]
[htmlbigstart.justthemevalley.com/Version2/css/shortcodes/shortcodes.css]
[htmlbigstart.justthemevalley.com/Version2/css/shortcodes/featured-box.css]
[htmlbigstart.justthemevalley.com/Version2/css/shortcodes/pricing-table.css]
[htmlbigstart.justthemevalley.com/Version2/css/shortcodes/post.css]
[htmlbigstart.justthemevalley.com/Version2/css/shortcodes/tooltip.css]
[htmlbigstart.justthemevalley.com/Version2/css/blog.css]
[htmlbigstart.justthemevalley.com/Version2/css/style.css]
[htmlbigstart.justthemevalley.com/Version2/css/responsive.css]
[htmlbigstart.justthemevalley.com/Version2/style.css]
[htmlbigstart.justthemevalley.com/Version2/images/cat-slider-img1.jpg]
[htmlbigstart.justthemevalley.com/Version2/images/cat-slider-img2.jpg]
[htmlbigstart.justthemevalley.com/Version2/images/add-slide1.jpg]
[htmlbigstart.justthemevalley.com/Version2/images/add-slide2.jpg]
[htmlbigstart.justthemevalley.com/Version2/images/add-slide3.jpg]
[htmlbigstart.justthemevalley.com/Version2/images/offer-banner.jpg]
[htmlbigstart.justthemevalley.com/Version2/js/jquery.bxslider.js]
[htmlbigstart.justthemevalley.com/Version2/shop_grid.html]
[htmlbigstart.justthemevalley.com/Version2/shop_grid_full_width.html]
[htmlbigstart.justthemevalley.com/Version2/shop_list.html]
[htmlbigstart.justthemevalley.com/Version2/js/cloud-zoom.js]
[htmlbigstart.justthemevalley.com/Version2/js/jquery.flexslider.js]
[htmlbigstart.justthemevalley.com/Version2/single_product.html]
[htmlbigstart.justthemevalley.com/Version2/single_product_sidebar.html]
[htmlbigstart.justthemevalley.com/Version2/js/jquery.magnifying-zoom.js]
[htmlbigstart.justthemevalley.com/Version2/single_product_magnify_zoom.html]
[htmlbigstart.justthemevalley.com/Version2/shopping_cart.html]
[htmlbigstart.justthemevalley.com/Version2/wishlist.html]
[htmlbigstart.justthemevalley.com/Version2/compare.html]
[htmlbigstart.justthemevalley.com/Version2/checkout.html]
[htmlbigstart.justthemevalley.com/Version2/images/large-icon-sitemap.png]
[htmlbigstart.justthemevalley.com/Version2/sitemap.html]
[htmlbigstart.justthemevalley.com/Version2/images/about_us_slide1.jpg]
[htmlbigstart.justthemevalley.com/Version2/images/about_us_slide2.jpg]
[htmlbigstart.justthemevalley.com/Version2/images/about_us_slide3.jpg]
[htmlbigstart.justthemevalley.com/Version2/images/team-img01.jpg]
[htmlbigstart.justthemevalley.com/Version2/images/team-img02.jpg]
[htmlbigstart.justthemevalley.com/Version2/images/team-img03.jpg]
[htmlbigstart.justthemevalley.com/Version2/images/team-img04.jpg]
[htmlbigstart.justthemevalley.com/Version2/about_us.html]
[htmlbigstart.justthemevalley.com/Version2/contact_us.html]
[htmlbigstart.justthemevalley.com/Version2/orders_list.html]
[htmlbigstart.justthemevalley.com/Version2/order_details.html]
[htmlbigstart.justthemevalley.com/Version2/404error.html]
[htmlbigstart.justthemevalley.com/Version2/images/faq-banner.png]
[htmlbigstart.justthemevalley.com/Version2/faq.html]
[htmlbigstart.justthemevalley.com/Version2/manufacturers.html]
[htmlbigstart.justthemevalley.com/Version2/quick_view.html]
[htmlbigstart.justthemevalley.com/Version2/dashboard.html]
[htmlbigstart.justthemevalley.com/Version2/images/blog-img5.jpg]
[htmlbigstart.justthemevalley.com/Version2/images/blog-img4.jpg]
[htmlbigstart.justthemevalley.com/Version2/images/blog-img6.jpg]
[htmlbigstart.justthemevalley.com/Version2/shortcodes.html]
[htmlbigstart.justthemevalley.com/Version2/typography.html]
[htmlbigstart.justthemevalley.com/Version2/images/blog-img7.jpg]
[htmlbigstart.justthemevalley.com/Version2/blog_right_sidebar.html]
[htmlbigstart.justthemevalley.com/Version2/blog_left_sidebar.html]
[htmlbigstart.justthemevalley.com/Version2/blog_full_width.html]
[htmlbigstart.justthemevalley.com/Version2/images/blog-lg-img.jpg]
[htmlbigstart.justthemevalley.com/Version2/images/avatar.png]
[htmlbigstart.justthemevalley.com/Version2/blog_single_post.html]
[htmlbigstart.justthemevalley.com/Version2/blog.html]
[htmlbigstart.justthemevalley.com/Version2/shop_grid-2.html]
[htmlbigstart.justthemevalley.com/Version2/account_page.html]
[htmlbigstart.justthemevalley.com/Version2/register_page.html]
[htmlbigstart.justthemevalley.com/Version2/product_detail.html]
[htmlbigstart.justthemevalley.com/Version2/js/jquery.min.js]
[htmlbigstart.justthemevalley.com/Version2/Popover requires tooltip.js]
[htmlbigstart.justthemevalley.com/Version2/js/bootstrap.min.js]
[htmlbigstart.justthemevalley.com/Version2/js/owl.carousel.min.js]
[htmlbigstart.justthemevalley.com/Version2/js/mobile-menu.js]
[htmlbigstart.justthemevalley.com/Version2/js/jquery-ui.js]
[htmlbigstart.justthemevalley.com/Version2/js/main.js]
[htmlbigstart.justthemevalley.com/Version2/js/countdown.js]
[htmlbigstart.justthemevalley.com/Version2/TweenLite.js]
[htmlbigstart.justthemevalley.com/TweenLite.js]
[htmlbigstart.justthemevalley.com/Version2/js/revolution-slider.js]
[htmlbigstart.justthemevalley.com/Version2/Version/index.html]
[htmlbigstart.justthemevalley.com/Version2/fonts/glyphicons-halflings-regular.eot]
[htmlbigstart.justthemevalley.com/Version2/fonts/glyphicons-halflings-regulard41d.eot]
[htmlbigstart.justthemevalley.com/Version2/fonts/glyphicons-halflings-regular.woff2]
[htmlbigstart.justthemevalley.com/Version2/fonts/glyphicons-halflings-regular.woff]
[htmlbigstart.justthemevalley.com/Version2/fonts/glyphicons-halflings-regular.ttf]
[htmlbigstart.justthemevalley.com/Version2/fonts/glyphicons-halflings-regular.svg]
[htmlbigstart.justthemevalley.com/Version2/css/bootstrap.min.css]
[htmlbigstart.justthemevalley.com/Version2/css/animate.css]
[htmlbigstart.justthemevalley.com/Version2/fonts/font-awesome/fontawesome-webfont3e6e.eot]
[htmlbigstart.justthemevalley.com/Version2/fonts/font-awesome/fontawesome-webfontd41d.eot]
[htmlbigstart.justthemevalley.com/Version2/fonts/font-awesome/fontawesome-webfont3e6e.woff2]
[htmlbigstart.justthemevalley.com/Version2/fonts/font-awesome/fontawesome-webfont3e6e.woff]
[htmlbigstart.justthemevalley.com/Version2/fonts/font-awesome/fontawesome-webfont3e6e.ttf]
[htmlbigstart.justthemevalley.com/Version2/css/font-awesome.min.css]
[htmlbigstart.justthemevalley.com/Version2/fonts/font-awesome/fontawesome-webfont3e6e.svg]
[htmlbigstart.justthemevalley.com/Version2/fonts/simple-line-icons/Simple-Line-Iconsb26c.eot]
[htmlbigstart.justthemevalley.com/Version2/fonts/simple-line-icons/Simple-Line-Iconsb26c.woff2]
[htmlbigstart.justthemevalley.com/Version2/fonts/simple-line-icons/Simple-Line-Iconsb26c.ttf]
[htmlbigstart.justthemevalley.com/Version2/fonts/Simple-Line-Iconsb26c.woff]
[htmlbigstart.justthemevalley.com/Version2/css/simple-line-icons.css]
[htmlbigstart.justthemevalley.com/Version2/fonts/simple-line-icons/Simple-Line-Iconsb26c.svg]
[htmlbigstart.justthemevalley.com/Version2/fonts/pe-icon-7-stroke/Pe-icon-7-strokebb1d.eot]
[htmlbigstart.justthemevalley.com/Version2/fonts/pe-icon-7-stroke/Pe-icon-7-stroked41d.eot]
[htmlbigstart.justthemevalley.com/Version2/fonts/pe-icon-7-stroke/Pe-icon-7-strokebb1d.woff]
[htmlbigstart.justthemevalley.com/Version2/fonts/pe-icon-7-stroke/Pe-icon-7-strokebb1d.ttf]
[htmlbigstart.justthemevalley.com/Version2/css/pe-icon-7-stroke.min.css]
[htmlbigstart.justthemevalley.com/Version2/fonts/pe-icon-7-stroke/Pe-icon-7-strokebb1d.svg]
[htmlbigstart.justthemevalley.com/Version2/css/grabbing.png]
[htmlbigstart.justthemevalley.com/Version2/css/owl.carousel.css]
[htmlbigstart.justthemevalley.com/Version2/css/owl.transitions.css]
[htmlbigstart.justthemevalley.com/Version2/css/flexslider.css]
[htmlbigstart.justthemevalley.com/Version2/css/images/ui-bg_highlight-soft_100_eeeeee_1x100.png]
[htmlbigstart.justthemevalley.com/Version2/css/images/ui-bg_gloss-wave_35_f6a828_500x100.png]
[htmlbigstart.justthemevalley.com/Version2/css/images/ui-bg_glass_100_f6f6f6_1x400.png]
[htmlbigstart.justthemevalley.com/Version2/css/images/ui-bg_glass_100_fdf5ce_1x400.png]
[htmlbigstart.justthemevalley.com/Version2/css/images/ui-bg_glass_65_ffffff_1x400.png]
[htmlbigstart.justthemevalley.com/Version2/css/images/ui-bg_highlight-soft_75_ffe45c_1x100.png]
[htmlbigstart.justthemevalley.com/Version2/css/images/ui-bg_diagonals-thick_18_b81900_40x40.png]
[htmlbigstart.justthemevalley.com/Version2/css/images/ui-icons_222222_256x240.png]
[htmlbigstart.justthemevalley.com/Version2/css/images/ui-icons_ffffff_256x240.png]
[htmlbigstart.justthemevalley.com/Version2/css/images/ui-icons_ef8c08_256x240.png]
[htmlbigstart.justthemevalley.com/Version2/css/images/ui-icons_228ef1_256x240.png]
[htmlbigstart.justthemevalley.com/Version2/css/images/ui-icons_ffd27a_256x240.png]
[htmlbigstart.justthemevalley.com/Version2/css/images/ui-bg_diagonals-thick_20_666666_40x40.png]
[htmlbigstart.justthemevalley.com/Version2/css/images/ui-bg_flat_10_000000_40x100.png]
[htmlbigstart.justthemevalley.com/Version2/css/jquery-ui.css]
[htmlbigstart.justthemevalley.com/Version2/css/revolution-slider.css]
[htmlbigstart.justthemevalley.com/Version2/css/quick_view_popup.css]
[htmlbigstart.justthemevalley.com/Version2/css/shortcode.css]
[htmlbigstart.justthemevalley.com/Version2/css/images/icon-remove.png]
[htmlbigstart.justthemevalley.com/Version2/css/shortcodes/shortcodes.css]
[htmlbigstart.justthemevalley.com/Version2/images/coming_soon_bg.jpg]
[htmlbigstart.justthemevalley.com/Version2/css/shortcodes/featured-box.css]
[htmlbigstart.justthemevalley.com/Version2/css/shortcodes/pricing-table.css]
[htmlbigstart.justthemevalley.com/Version2/images/testimonials-bg.jpg]
[htmlbigstart.justthemevalley.com/Version2/css/shortcodes/post.css]
[htmlbigstart.justthemevalley.com/Version2/css/shortcodes/tooltip.css]
[htmlbigstart.justthemevalley.com/Version2/css/blog.css]
[htmlbigstart.justthemevalley.com/Version2/images/select-arrow.png]
[htmlbigstart.justthemevalley.com/Version2/images/arrow-d.png]
[htmlbigstart.justthemevalley.com/Version2/images/plus-d2.png]
[htmlbigstart.justthemevalley.com/Version2/images/minus-d1.png]
[htmlbigstart.justthemevalley.com/Version2/images/checkbox.png]
[htmlbigstart.justthemevalley.com/Version2/images/checked.png]
[htmlbigstart.justthemevalley.com/Version2/css/style.css]
[htmlbigstart.justthemevalley.com/Version2/css/responsive.css]
[htmlbigstart.justthemevalley.com/Version2/js/jquery.bxslider.js]
[htmlbigstart.justthemevalley.com/Version2/js/cloud-zoom.js]
[htmlbigstart.justthemevalley.com/Version2/js/jquery.flexslider.js]
[htmlbigstart.justthemevalley.com/Version2/js/jquery.magnifying-zoom.js]
[htmlbigstart.justthemevalley.com/Version2/Popover requires tooltip.html]
[htmlbigstart.justthemevalley.com/Version2/TweenLite.html]
[htmlbigstart.justthemevalley.com/Version2/Version/index.html]
[htmlbigstart.justthemevalley.com/TweenLite.html]
[htmlbigstart.justthemevalley.com/Version2/fonts/glyphicons-halflings-regular.svg]
[htmlbigstart.justthemevalley.com/Version2/fonts/font-awesome/fontawesome-webfont3e6e.svg]
[htmlbigstart.justthemevalley.com/Version2/fonts/Simple-Line-Iconsb26c.html]
[htmlbigstart.justthemevalley.com/Version2/fonts/simple-line-icons/Simple-Line-Iconsb26c.svg]
[htmlbigstart.justthemevalley.com/Version2/fonts/pe-icon-7-stroke/Pe-icon-7-strokebb1d.svg]
[htmlbigstart.justthemevalley.com/Version2/css/grabbing.html]
[htmlbigstart.justthemevalley.com/Version2/css/images/ui-bg_highlight-soft_100_eeeeee_1x100.html]
[htmlbigstart.justthemevalley.com/Version2/css/images/ui-bg_gloss-wave_35_f6a828_500x100.html]
[htmlbigstart.justthemevalley.com/Version2/css/images/ui-bg_glass_100_f6f6f6_1x400.html]
[htmlbigstart.justthemevalley.com/Version2/css/images/ui-bg_glass_100_fdf5ce_1x400.html]
[htmlbigstart.justthemevalley.com/Version2/css/images/ui-bg_glass_65_ffffff_1x400.html]
[htmlbigstart.justthemevalley.com/Version2/css/images/ui-bg_highlight-soft_75_ffe45c_1x100.html]
[htmlbigstart.justthemevalley.com/Version2/css/images/ui-bg_diagonals-thick_18_b81900_40x40.html]
[htmlbigstart.justthemevalley.com/Version2/css/images/ui-icons_222222_256x240.html]
[htmlbigstart.justthemevalley.com/Version2/css/images/ui-icons_ffffff_256x240.html]
[htmlbigstart.justthemevalley.com/Version2/css/images/ui-icons_ef8c08_256x240.html]
[htmlbigstart.justthemevalley.com/Version2/css/images/ui-icons_228ef1_256x240.html]
[htmlbigstart.justthemevalley.com/Version2/css/images/ui-icons_ffd27a_256x240.html]
[htmlbigstart.justthemevalley.com/Version2/css/images/ui-bg_diagonals-thick_20_666666_40x40.html]
[htmlbigstart.justthemevalley.com/Version2/css/images/ui-bg_flat_10_000000_40x100.html]
[htmlbigstart.justthemevalley.com/Version2/css/images/icon-remove.html]
[htmlbigstart.justthemevalley.com/Version2/images/coming_soon_bg.html]
[htmlbigstart.justthemevalley.com/Version2/images/testimonials-bg.html]
